// Jest Snapshot v1, https://goo.gl/fbAQLP

exports[`component App component was rendered without mistakes 1`] = `ShallowWrapper {}`;
